\BOOKMARK [1][-]{section.1}{\376\377\000I\000n\000t\000r\000o\000d\000u\000c\000e\000r\000e\000\040\002\031\000i\000\040\000o\000b\000i\000e\000c\000t\000i\000v\000e\000l\000e\000\040\000l\000u\000c\000r\000a\000r\000i\000i}{}% 1
\BOOKMARK [1][-]{section.2}{\376\377\000\040\000D\000i\000n\000a\000m\000i\000c\000a\000\040\000S\000i\000t\000e\000m\000e\000l\000o\000r\000\040\000c\000u\000\040\000L\000e\000g\001\003\000t\000u\000r\000i}{}% 2
\BOOKMARK [2][-]{subsection.2.1}{\376\377\000C\000i\000n\000e\000m\000a\000t\000i\000c\000a\000\040\000s\000i\000s\000t\000e\000m\000u\000l\000u\000i\000\040\000d\000e\000\040\000c\000o\000r\000p\000u\000r\000i}{section.2}% 3
\BOOKMARK [2][-]{subsection.2.2}{\376\377\000E\000n\000e\000r\000g\000i\000a\000\040\000c\000i\000n\000e\000t\000i\000c\001\003\000\040\000a\000\040\000s\000i\000s\000t\000e\000m\000u\000l\000u\000i}{section.2}% 4
\BOOKMARK [2][-]{subsection.2.3}{\376\377\000E\000c\000u\000a\002\033\000i\000i\000l\000e\000\040\000l\000u\000i\000\040\000L\000a\000g\000r\000a\000n\000g\000e\000\040\000p\000e\000n\000t\000r\000u\000\040\000s\000i\000s\000t\000e\000m\000e\000\040\000c\000u\000\040\000l\000e\000g\001\003\000t\000u\000r\000i}{section.2}% 5
\BOOKMARK [3][-]{subsubsection.2.3.1}{\376\377\000C\000a\000l\000c\000u\000l\000u\000l\000\040\000d\000e\000r\000i\000v\000a\000t\000e\000l\000o\000r\000\040\000e\000n\000e\000r\000g\000i\000e\000i}{subsection.2.3}% 6
\BOOKMARK [3][-]{subsubsection.2.3.2}{\376\377\000R\000e\000z\000o\000l\000v\000a\000r\000e\000a\000\040\000s\000i\000s\000t\000e\000m\000u\000l\000u\000i\000\040\000d\000e\000\040\000e\000c\000u\000a\002\033\000i\000i}{subsection.2.3}% 7
\BOOKMARK [2][-]{subsection.2.4}{\376\377\000I\000n\000t\000r\000o\000d\000u\000c\000e\000r\000e\000a\000\040\000c\000o\000n\000s\000t\000r\000\342\000n\000g\000e\000r\000i\000l\000o\000r}{section.2}% 8
\BOOKMARK [3][-]{subsubsection.2.4.1}{\376\377\000A\000r\000t\000i\000c\000u\000l\000a\002\033\000i\000a}{subsection.2.4}% 9
\BOOKMARK [3][-]{subsubsection.2.4.2}{\376\377\000\316\000n\000c\000a\000s\000t\000r\000a\000r\000e\000a}{subsection.2.4}% 10
\BOOKMARK [3][-]{subsubsection.2.4.3}{\376\377\000F\000i\000r\000u\000l\000\040\000d\000e\000\040\000l\000e\000g\001\003\000t\000u\000r\001\003}{subsection.2.4}% 11
\BOOKMARK [2][-]{subsection.2.5}{\376\377\000F\000o\000r\000t\000e\000l\000e\000\040\000d\000i\000n\000t\000r\000e\000\040\000c\000o\000r\000p\000u\000r\000i}{section.2}% 12
\BOOKMARK [3][-]{subsubsection.2.5.1}{\376\377\000F\000o\000r\000t\000e\000\040\000e\000l\000a\000s\000t\000i\000c\000e}{subsection.2.5}% 13
\BOOKMARK [1][-]{section.3}{\376\377\000D\000e\000t\000e\000c\002\033\000i\000a\000\040\002\031\000i\000\040\000R\000e\000z\000o\000l\000v\000a\000r\000e\000a\000\040\000C\000o\000l\000i\000z\000i\000u\000n\000i\000l\000o\000r}{}% 14
\BOOKMARK [2][-]{subsection.3.1}{\376\377\000R\000o\000l\000u\000l\000\040\000d\000e\000t\000e\000c\002\033\000i\000e\000i}{section.3}% 15
\BOOKMARK [2][-]{subsection.3.2}{\376\377\000F\000a\000z\000a\000\040\000d\000e\000\040\000f\000i\000l\000t\000r\000a\000r\000e\000\040\000\050\000i\000n\000t\000e\000r\000s\000e\000c\002\033\000i\000a\000\040\000p\000e\000\040\000s\000c\000a\000r\001\003\000\040\000l\000a\000r\000g\001\003\000\051}{section.3}% 16
\BOOKMARK [2][-]{subsection.3.3}{\376\377\000D\000e\000m\000o\000n\000s\000t\000r\000a\002\033\000i\000a\000\040\000m\000a\000t\000e\000m\000a\000t\000i\000c\001\003\000\040\000a\000\040\000f\000a\000z\000e\000i\000\040\000d\000e\000\040\000f\000i\000l\000t\000r\000a\000r\000e}{section.3}% 17
\BOOKMARK [2][-]{subsection.3.4}{\376\377\000F\000a\000z\000a\000\040\000d\000e\000\040\000d\000e\000t\000e\000c\002\033\000i\000e\000\040\000e\000x\000a\000c\000t\001\003\000\040\000\050\000N\000a\000r\000r\000o\000w\000-\000P\000h\000a\000s\000e\000\051}{section.3}% 18
\BOOKMARK [3][-]{subsubsection.3.4.1}{\376\377\000A\000l\000g\000o\000r\000i\000t\000m\000u\000l\000\040\000d\000e\000\040\000d\000e\000t\000e\000c\000t\000a\000r\000e}{subsection.3.4}% 19
\BOOKMARK [3][-]{subsubsection.3.4.2}{\376\377\000A\000l\000g\000o\000r\000i\000t\000m\000u\000l\000\040\000d\000e\000\040\000c\000l\000i\000p\000p\000i\000n\000g\000\040}{subsection.3.4}% 20
\BOOKMARK [3][-]{subsubsection.3.4.3}{\376\377\000E\000x\000t\000r\000a\000g\000e\000r\000e\000a\000\040\000p\000u\000n\000c\000t\000e\000l\000o\000r\000\040\000d\000e\000\040\000c\000o\000n\000t\000a\000c\000t\000\040\000\050\000C\000l\000i\000p\000p\000i\000n\000g\000\051}{subsection.3.4}% 21
\BOOKMARK [2][-]{subsection.3.5}{\376\377\000R\000e\000z\000o\000l\000v\000a\000r\000e\000a\000\040\000c\000o\000l\000i\000z\000i\000u\000n\000i\000l\000o\000r\000:\000\040\000C\000o\000r\000e\000c\002\033\000i\000a\000\040\000d\000e\000\040\000p\000o\000z\000i\002\033\000i\000e\000\040\002\031\000i\000\040\000c\000a\000l\000c\000u\000l\000u\000l\000\040\000i\000m\000p\000u\000l\000s\000u\000l\000u\000i}{section.3}% 22
\BOOKMARK [3][-]{subsubsection.3.5.1}{\376\377\000C\000o\000r\000e\000c\002\033\000i\000a\000\040\000d\000e\000\040\000p\000o\000z\000i\002\033\000i\000e\000\040\000\050\000P\000o\000s\000i\000t\000i\000o\000n\000a\000l\000\040\000P\000r\000o\000j\000e\000c\000t\000i\000o\000n\000\051}{subsection.3.5}% 23
\BOOKMARK [3][-]{subsubsection.3.5.2}{\376\377\000D\000e\000m\000o\000n\000s\000t\000r\000a\002\033\000i\000a\000\040\000a\000n\000a\000l\000i\000t\000i\000c\001\003\000\040\000a\000\040\000i\000m\000p\000u\000l\000s\000u\000l\000u\000i\000\040\000d\000e\000\040\000c\000o\000l\000i\000z\000i\000u\000n\000e}{subsection.3.5}% 24
\BOOKMARK [2][-]{subsection.3.6}{\376\377\000C\000a\000l\000c\000u\000l\000u\000l\000\040\000p\000e\000r\000c\000u\002\033\000i\000e\000i\000\040\002\031\000i\000\040\000v\000i\000t\000e\000z\000e\000l\000o\000r\000\040\000p\000o\000s\000t\000-\000i\000m\000p\000a\000c\000t}{section.3}% 25
\BOOKMARK [3][-]{subsubsection.3.6.1}{\376\377\000C\000a\000l\000c\000u\000l\000u\000l\000\040\000P\000e\000r\000c\000u\002\033\000i\000e\000i}{subsection.3.6}% 26
\BOOKMARK [3][-]{subsubsection.3.6.2}{\376\377\000P\000e\000r\000c\000u\002\033\000i\000i\000\040\000d\000e\000\040\000l\000e\000g\001\003\000t\000u\000r\001\003}{subsection.3.6}% 27
\BOOKMARK [1][-]{section.4}{\376\377\000I\000m\000p\000l\000e\000m\000e\000n\000t\000a\000r\000e\000\040\000s\000i\000\040\000A\000r\000h\000i\000t\000e\000c\000t\000u\000r\000a\000\040\000S\000o\000f\000t\000w\000a\000r\000e}{}% 28
\BOOKMARK [1][-]{section.5}{\376\377\000R\000e\000z\000u\000l\000t\000a\000t\000e\000\040\000s\000i\000\040\000V\000a\000l\000i\000d\000a\000r\000e\000a\000\040\000S\000i\000m\000u\000l\000a\000r\000i\000i}{}% 29
\BOOKMARK [1][-]{section.6}{\376\377\000C\000o\000n\000c\000l\000u\000z\000i\000i\000\040\000s\000i\000\040\000D\000e\000z\000v\000o\000l\000t\000a\000r\000i\000\040\000U\000l\000t\000e\000r\000i\000o\000a\000r\000e}{}% 30
